
> cisspmastery@0.1.0 build C:\Projects\cisspmastery
> next build

   Γû▓ Next.js 15.5.7
   - Environments: .env.local
   - Experiments (use with caution):
     Γ£ô optimizeCss
     ┬╖ serverActions
     ┬╖ clientTraceMetadata
     ┬╖ webVitalsAttribution
     ┬╖ optimizePackageImports

   Creating an optimized production build ...
 Γ£ô Compiled successfully in 17.3s
   Linting and checking validity of types ...

Failed to compile.

./src/app/dashboard/deck/[id]/premium-study.tsx
172:6  Warning: React Hook useCallback has a missing dependency: 'markCardAsStudied'. Either include it or remove the dependency array.  react-hooks/exhaustive-deps

./src/components/study/PremiumFlashcardWithSwipe.tsx
3:40  Warning: 'useRef' is defined but never used.  @typescript-eslint/no-unused-vars
293:26  Error: Unexpected any. Specify a different type.  @typescript-eslint/no-explicit-any

info  - Need to disable some ESLint rules? Learn more here: https://nextjs.org/docs/app/api-reference/config/eslint#disabling-rules
ΓÇëELIFECYCLEΓÇë Command failed with exit code 1.
